// Jest Snapshot v1, https://goo.gl/fbAQLP

exports[`ChatbotAI component should render correctly 1`] = `
<div>
  <script
    nonce=""
  >
    ((e,s,n,l,o,d,u,h)=&gt;{let m=document.documentElement,w=["light","dark"];function p(r){(Array.isArray(e)?e:[e]).forEach(y=&gt;{let k=y==="class",S=k&&d?o.map(f=&gt;d[f]||f):o;k?(m.classList.remove(...S),m.classList.add(d&&d[r]?d[r]:r)):m.setAttribute(y,r)}),C(r)}function C(r){h&&w.includes(r)&&(m.style.colorScheme=r)}function a(){return window.matchMedia("(prefers-color-scheme: dark)").matches?"dark":"light"}if(l)p(l);else try{let r=localStorage.getItem(s)||n,y=u&&r==="system"?a():r;p(y)}catch(r){}})("class","theme","system",null,["light","dark"],null,true,true)
  </script>
  <div
    class="fixed bottom-4 right-4 z-50"
  >
    <button
      aria-label="Open chatbot button"
      class="chakra-button shadow-lg text-white css-1v03rit"
      type="button"
    >
      <svg
        aria-hidden="true"
        class="lucide lucide-bot chakra-icon css-1rbdk9p"
        fill="none"
        focusable="false"
        height="24"
        stroke="currentColor"
        stroke-linecap="round"
        stroke-linejoin="round"
        stroke-width="2"
        viewBox="0 0 24 24"
        width="24"
        xmlns="http://www.w3.org/2000/svg"
      >
        <path
          d="M12 8V4H8"
        />
        <rect
          height="12"
          rx="2"
          width="16"
          x="4"
          y="8"
        />
        <path
          d="M2 14h2"
        />
        <path
          d="M20 14h2"
        />
        <path
          d="M15 13v2"
        />
        <path
          d="M9 13v2"
        />
      </svg>
    </button>
  </div>
</div>
`;
